<html>
<body>
<pre>
<h1>µVision Build Log</h1>
<h2>Tool Versions:</h2>
IDE-Version: ¦ÌVision V5.21.1.0
Copyright (C) 2016 ARM Ltd and ARM Germany GmbH. All rights reserved.
License Information: 1 1, 1, LIC=AK130-BG84N-NS6YQ-N131A-WKZDL-JSBCT
 
Tool Versions:
Toolchain:       MDK-ARM Professional  Version: 5.21a
Toolchain Path:  C:\Keil_v5\ARM\ARMCC\Bin
C Compiler:      Armcc.exe V5.06 update 3 (build 300)
Assembler:       Armasm.exe V5.06 update 3 (build 300)
Linker/Locator:  ArmLink.exe V5.06 update 3 (build 300)
Library Manager: ArmAr.exe V5.06 update 3 (build 300)
Hex Converter:   FromElf.exe V5.06 update 3 (build 300)
CPU DLL:         SARMCM3.DLL V5.21a
Dialog DLL:      DARMSTM.DLL V1.66.0.1
Target DLL:      Segger\JL2CM3.dll V2.99.23.0
Dialog DLL:      TARMSTM.DLL V1.65.0.0
 
<h2>Project:</h2>
D:\git\modbus\modbus-demo\modbus_slaver\USER\ModBus_Slave.uvprojx
Project File Date:  04/02/2017

<h2>Output:</h2>
*** Using Compiler 'V5.06 update 3 (build 300)', folder: 'C:\Keil_v5\ARM\ARMCC\Bin'
Build target 'ModBus_Slave'
compiling main.c...
compiling modbus.c...
compiling delay.c...
compiling led.c...
compiling key.c...
compiling stm32f10x_it.c...
compiling system_stm32f10x.c...
assembling startup_stm32f10x_hd.s...
compiling misc.c...
compiling usart.c...
compiling stm32f10x_rcc.c...
compiling stm32f10x_gpio.c...
compiling stm32f10x_usart.c...
compiling core_cm3.c...
compiling stm32f10x_tim.c...
compiling sys.c...
linking...
Program Size: Code=11120 RO-data=848 RW-data=92 ZI-data=10732  
FromELF: creating hex file...
"..\OBJ\BEEP.axf" - 0 Error(s), 0 Warning(s).

<h2>Collection of Component include folders:</h2>
  D:\git\modbus\modbus-demo\modbus_slaver\USER\RTE
  C:\Keil_v5\ARM\PACK\Keil\STM32F1xx_DFP\2.2.0\Device\Include

<h2>Collection of Component Files used:</h2>
Build Time Elapsed:  00:00:03
</pre>
</body>
</html>
